// Jest Snapshot v1, https://goo.gl/fbAQLP

exports[`Subheader Component renders snapshot correctly with props 1`] = `
<div
  className="subheader-container"
>
  <span>
    Demo Project
  </span>
  <button
    aria-label="comments"
    aria-labelledby={null}
    className="MuiButtonBase-root MuiIconButton-root MuiIconButton-sizeMedium css-78trlr-MuiButtonBase-root-MuiIconButton-root"
    data-mui-internal-clone-element={true}
    disabled={false}
    onBlur={[Function]}
    onClick={[Function]}
    onContextMenu={[Function]}
    onDragLeave={[Function]}
    onFocus={[Function]}
    onKeyDown={[Function]}
    onKeyUp={[Function]}
    onMouseDown={[Function]}
    onMouseLeave={[Function]}
    onMouseOver={[Function]}
    onMouseUp={[Function]}
    onTouchEnd={[Function]}
    onTouchMove={[Function]}
    onTouchStart={[Function]}
    tabIndex={0}
    type="button"
  >
    <span
      className="MuiBadge-root css-1c32n2y-MuiBadge-root"
    >
      <svg
        aria-hidden={true}
        className="MuiSvgIcon-root MuiSvgIcon-colorAction MuiSvgIcon-fontSizeMedium css-11pbyhm-MuiSvgIcon-root"
        data-testid="CommentIcon"
        focusable="false"
        style={
          Object {
            "color": "white",
          }
        }
        viewBox="0 0 24 24"
      >
        <path
          d="M21.99 4c0-1.1-.89-2-1.99-2H4c-1.1 0-2 .9-2 2v12c0 1.1.9 2 2 2h14l4 4-.01-18zM18 14H6v-2h12v2zm0-3H6V9h12v2zm0-3H6V6h12v2z"
        />
      </svg>
      <span
        className="MuiBadge-anchorOriginTopRightRectangular MuiBadge-overlapRectangular MuiBadge-colorError MuiBadge-badge MuiBadge-standard MuiBadge-anchorOriginTopRight MuiBadge-invisible css-zkqb44-MuiBadge-badge"
      />
    </span>
    <span
      className="MuiTouchRipple-root css-8je8zh-MuiTouchRipple-root"
    />
  </button>
</div>
`;
